// Jest Snapshot v1, https://goo.gl/fbAQLP

exports[`<InfoRoleContainer /> initialState 1`] = `"<div class=\\"info--role \\"><img class=\\"info--role--image\\" src=\\"\\"><div class=\\"info--role--name\\"></div></div>"`;

exports[`<InfoRoleContainer /> mine.role exists 1`] = `"<div class=\\"info--role \\"><img class=\\"info--role--image\\" src=\\"https://werewolf.world/image/0.2/seer.jpg\\"><div class=\\"info--role--name\\">Seer</div></div>"`;
