// Jest Snapshot v1, https://goo.gl/fbAQLP

exports[`<ModalContainer /> render selectedCharacter doesn't exist 1`] = `"<div class=\\"vi--modal\\"><div class=\\"vi--modal--icon \\"><img class=\\"vi--modal--icon--image\\" src=\\"https://werewolf.world/image/0.3/character_icons/50x50/anonymous_50x50.png\\"></div><div class=\\"vi--modal--description\\">Please wait... (00'00 left)</div><button class=\\"vi--modal--button yes\\">Yes</button><button class=\\"vi--modal--button no\\">No</button></div>"`;

exports[`<ModalContainer /> render selectedCharacter exists DAY 1`] = `"<div class=\\"vi--modal\\"><div class=\\"vi--modal--icon \\"><div class=\\"vi--modal--icon--initial\\">B</div><img class=\\"vi--modal--icon--image\\" src=\\"https://werewolf.world/image/0.3/character_icons/50x50/b_50x50.png\\"><span class=\\"vi--modal--icon--name\\">Borya</span></div><div class=\\"vi--modal--description\\">Do you really want to put this character to death? (00'00 left)</div><button class=\\"vi--modal--button yes\\">Yes</button><button class=\\"vi--modal--button no\\">No</button></div>"`;

exports[`<ModalContainer /> render selectedCharacter exists NIGHT HUNTER 1`] = `"<div class=\\"vi--modal\\"><div class=\\"vi--modal--icon \\"><div class=\\"vi--modal--icon--initial\\">B</div><img class=\\"vi--modal--icon--image\\" src=\\"https://werewolf.world/image/0.3/character_icons/50x50/b_50x50.png\\"><span class=\\"vi--modal--icon--name\\">Borya</span></div><div class=\\"vi--modal--description\\">Do you really want to choose this character for your divination? (00'00 left)</div><button class=\\"vi--modal--button yes\\">Yes</button><button class=\\"vi--modal--button no\\">No</button></div>"`;

exports[`<ModalContainer /> render selectedCharacter exists NIGHT SEER 1`] = `"<div class=\\"vi--modal\\"><div class=\\"vi--modal--icon \\"><div class=\\"vi--modal--icon--initial\\">B</div><img class=\\"vi--modal--icon--image\\" src=\\"https://werewolf.world/image/0.3/character_icons/50x50/b_50x50.png\\"><span class=\\"vi--modal--icon--name\\">Borya</span></div><div class=\\"vi--modal--description\\">Do you really want to choose this character for your divination? (00'00 left)</div><button class=\\"vi--modal--button yes\\">Yes</button><button class=\\"vi--modal--button no\\">No</button></div>"`;

exports[`<ModalContainer /> render selectedCharacter exists NIGHT VILLAGER(default) 1`] = `"<div class=\\"vi--modal\\"><div class=\\"vi--modal--icon \\"><div class=\\"vi--modal--icon--initial\\">B</div><img class=\\"vi--modal--icon--image\\" src=\\"https://werewolf.world/image/0.3/character_icons/50x50/b_50x50.png\\"><span class=\\"vi--modal--icon--name\\">Borya</span></div><div class=\\"vi--modal--description\\">Please wait... (00'00 left)</div><button class=\\"vi--modal--button yes\\">Yes</button><button class=\\"vi--modal--button no\\">No</button></div>"`;

exports[`<ModalContainer /> render selectedCharacter exists NIGHT WEREWOLF 1`] = `"<div class=\\"vi--modal\\"><div class=\\"vi--modal--icon \\"><div class=\\"vi--modal--icon--initial\\">B</div><img class=\\"vi--modal--icon--image\\" src=\\"https://werewolf.world/image/0.3/character_icons/50x50/b_50x50.png\\"><span class=\\"vi--modal--icon--name\\">Borya</span></div><div class=\\"vi--modal--description\\">Do you really want to attack this character? (00'00 left)</div><button class=\\"vi--modal--button yes\\">Yes</button><button class=\\"vi--modal--button no\\">No</button></div>"`;
