// Jest Snapshot v1, https://goo.gl/fbAQLP

exports[`<ModalContainer /> selectedAgent doesn't exist 1`] = `"<div class=\\"modal \\"><div class=\\"modal--icon \\"><svg viewBox=\\"0 0 180 180\\" xmlns=\\"http://www.w3.org/2000/svg\\"><path d=\\"M60,67c0-13 1-19 8-26c7-9 18-10 28-8c10,2 22,12 22,26c0,14-11,19-15,22c-7,2-10,6-11,11v20m0,12v16\\" fill=\\"none\\" stroke=\\"#000\\" stroke-width=\\"16\\"></path></svg></div><div class=\\"modal--description\\"><span>待ってください</span><span>（<span>残り00'00</span>）</span></div><button class=\\"modal--button yes\\">はい</button><button class=\\"modal--button no\\">いいえ</button></div>"`;

exports[`<ModalContainer /> selectedAgent exists DAY 1`] = `"<div class=\\"modal \\"><div class=\\"modal--icon \\"><img class=\\"modal--icon--image\\" src=\\"https://werewolf.world/image/0.2/Moritz.jpg\\"><span class=\\"modal--icon--name\\">モーリッツ</span></div><div class=\\"modal--description\\"><span>投票先はこちらでいいですか？</span><span>（<span>残り00'00</span>）</span></div><button class=\\"modal--button yes\\">はい</button><button class=\\"modal--button no\\">いいえ</button></div>"`;

exports[`<ModalContainer /> selectedAgent exists NIGHT HUNTER 1`] = `"<div class=\\"modal \\"><div class=\\"modal--icon \\"><img class=\\"modal--icon--image\\" src=\\"https://werewolf.world/image/0.2/Moritz.jpg\\"><span class=\\"modal--icon--name\\">モーリッツ</span></div><div class=\\"modal--description\\"><span>守護先はこちらでいいですか？</span><span>（<span>残り00'00</span>）</span></div><button class=\\"modal--button yes\\">はい</button><button class=\\"modal--button no\\">いいえ</button></div>"`;

exports[`<ModalContainer /> selectedAgent exists NIGHT SEER 1`] = `"<div class=\\"modal \\"><div class=\\"modal--icon \\"><img class=\\"modal--icon--image\\" src=\\"https://werewolf.world/image/0.2/Moritz.jpg\\"><span class=\\"modal--icon--name\\">モーリッツ</span></div><div class=\\"modal--description\\"><span>占い先はこちらでいいですか？</span><span>（<span>残り00'00</span>）</span></div><button class=\\"modal--button yes\\">はい</button><button class=\\"modal--button no\\">いいえ</button></div>"`;

exports[`<ModalContainer /> selectedAgent exists NIGHT VILLAGER(default) 1`] = `"<div class=\\"modal \\"><div class=\\"modal--icon \\"><img class=\\"modal--icon--image\\" src=\\"https://werewolf.world/image/0.2/Moritz.jpg\\"><span class=\\"modal--icon--name\\">モーリッツ</span></div><div class=\\"modal--description\\"><span>待ってください</span><span>（<span>残り00'00</span>）</span></div><button class=\\"modal--button yes\\">はい</button><button class=\\"modal--button no\\">いいえ</button></div>"`;

exports[`<ModalContainer /> selectedAgent exists NIGHT WEREWOLF 1`] = `"<div class=\\"modal \\"><div class=\\"modal--icon \\"><img class=\\"modal--icon--image\\" src=\\"https://werewolf.world/image/0.2/Moritz.jpg\\"><span class=\\"modal--icon--name\\">モーリッツ</span></div><div class=\\"modal--description\\"><span>襲撃先はこちらでいいですか？</span><span>（<span>残り00'00</span>）</span></div><button class=\\"modal--button yes\\">はい</button><button class=\\"modal--button no\\">いいえ</button></div>"`;
