// Jest Snapshot v1, https://goo.gl/fbAQLP

exports[`<ObfucatorContainer /> 1`] = `"<div class=\\"vi--obfucator\\"><svg class=\\"vi--obfucator--loader loader\\" stroke=\\"#000\\" viewBox=\\"0 0 38 38\\" xmlns=\\"http://www.w3.org/2000/svg\\"><g fill=\\"none\\" fill-rule=\\"evenodd\\"><g stroke-width=\\"2\\"><circle cx=\\"19\\" cy=\\"19\\" r=\\"18\\" stroke-opacity=\\".5\\"></circle><path class=\\"loader animation\\" d=\\"M37 19 C37 9.05896, 28.94104 1, 19 1\\"></path></g></g></svg><span style=\\"visibility: hidden;\\"></span></div>"`;
