// Jest Snapshot v1, https://goo.gl/fbAQLP

exports[`render 1`] = `"<form class=\\"lo--settings--bucket--form\\"><label class=\\"lo--settings--bucket--form--label\\" for=\\"userPassword\\">Password</label><input class=\\"lo--settings--bucket--form--field input\\" id=\\"userPassword\\" maxlength=\\"128\\" minlength=\\"8\\" required=\\"\\" tabindex=\\"0\\" type=\\"password\\" value=\\"\\"><button class=\\"lo--settings--bucket--form--button\\" disabled=\\"\\" type=\\"submit\\">SAVE</button></form>"`;
