// Jest Snapshot v1, https://goo.gl/fbAQLP

exports[`render 1`] = `"<form class=\\"lo--settings--bucket--form\\"><label class=\\"lo--settings--bucket--form--label\\" for=\\"userName\\">Name</label><input class=\\"lo--settings--bucket--form--field input\\" id=\\"userName\\" maxlength=\\"15\\" minlength=\\"5\\" placeholder=\\"\\" required=\\"\\" tabindex=\\"0\\" type=\\"text\\" value=\\"user name\\"><button class=\\"lo--settings--bucket--form--button\\" disabled=\\"\\" type=\\"submit\\">SAVE</button></form>"`;
