// Jest Snapshot v1, https://goo.gl/fbAQLP

exports[`render 1`] = `"<form class=\\"lo--settings--bucket--form\\"><label class=\\"lo--settings--bucket--form--label\\" for=\\"userEmail\\">E-mail</label><input class=\\"lo--settings--bucket--form--field input\\" id=\\"userEmail\\" maxlength=\\"256\\" minlength=\\"6\\" required=\\"\\" type=\\"email\\" value=\\"example@example.com\\"><button class=\\"lo--settings--bucket--form--button\\" disabled=\\"\\" type=\\"submit\\">SAVE</button></form>"`;
