// Jest Snapshot v1, https://goo.gl/fbAQLP

exports[`render 1`] = `"<form action=\\"/login\\" class=\\"la--form\\" method=\\"POST\\"><div class=\\"la--form--field\\"><label class=\\"la--form--label\\" for=\\"login-email\\">Email address</label><input autocomplete=\\"off\\" class=\\"la--form--input\\" id=\\"login-email\\" minlength=\\"6\\" name=\\"email\\" pattern=\\"[^\\\\s]*@[^\\\\s]*\\" required=\\"\\" type=\\"text\\" value=\\"\\"></div><div class=\\"la--form--field\\"><label class=\\"la--form--label\\" for=\\"login-password\\">Password</label><input autocomplete=\\"off\\" class=\\"la--form--input\\" id=\\"login-password\\" minlength=\\"8\\" name=\\"password\\" required=\\"\\" type=\\"password\\" value=\\"\\"></div><button class=\\"la--form--button\\" disabled=\\"\\" type=\\"submit\\">Login</button><input name=\\"csrfToken\\" type=\\"hidden\\" value=\\"token\\"></form>"`;
