// Jest Snapshot v1, https://goo.gl/fbAQLP

exports[`<AgentIcon /> additionalClass 1`] = `"<div class=\\"className additionalClass\\"><div class=\\"className--initial\\">A</div><img class=\\"className--image\\" src=\\"https://werewolf.world/image/0.3/agent_icons/50x50/a_50x50.png\\"/><span class=\\"className--name\\">Adil</span></div>"`;

exports[`<AgentIcon /> defined props: initial 1`] = `"<div class=\\"className \\"><div class=\\"className--initial\\">A</div><img class=\\"className--image\\" src=\\"https://werewolf.world/image/0.3/agent_icons/50x50/a_50x50.png\\"/></div>"`;

exports[`<AgentIcon /> defined props: initial, name 1`] = `"<div class=\\"className \\"><div class=\\"className--initial\\">A</div><img class=\\"className--image\\" src=\\"https://werewolf.world/image/0.3/agent_icons/50x50/a_50x50.png\\"/><span class=\\"className--name\\">Adil</span></div>"`;

exports[`<AgentIcon /> defined props: name 1`] = `"<div class=\\"className \\"><img class=\\"className--image\\" src=\\"https://werewolf.world/image/0.3/agent_icons/50x50/a_50x50.png\\"/><span class=\\"className--name\\">Adil</span></div>"`;

exports[`<AgentIcon /> defined props: nothing 1`] = `"<div class=\\"className \\"><img class=\\"className--image\\" src=\\"https://werewolf.world/image/0.3/agent_icons/50x50/a_50x50.png\\"/></div>"`;
