// Jest Snapshot v1, https://goo.gl/fbAQLP

exports[`<ResultCellAvatarImage /> alive 1`] = `"<div class=\\"vi--result--cell--avatarImage \\"><img class=\\"vi--result--cell--avatarImage--image\\" src=\\"https://werewolf.world/image/0.3/character_icons/50x50/a_50x50.png\\"/></div>"`;

exports[`<ResultCellAvatarImage /> dead 1`] = `"<div class=\\"vi--result--cell--avatarImage dead\\"><img class=\\"vi--result--cell--avatarImage--image\\" src=\\"https://werewolf.world/image/0.3/character_icons/50x50/a_50x50.png\\"/></div>"`;

exports[`<ResultCellAvatarImage /> deathByAttack 1`] = `"<div class=\\"vi--result--cell--avatarImage dead\\"><img class=\\"vi--result--cell--avatarImage--image\\" src=\\"https://werewolf.world/image/0.3/character_icons/50x50/a_50x50.png\\"/></div>"`;

exports[`<ResultCellAvatarImage /> deathByExecution 1`] = `"<div class=\\"vi--result--cell--avatarImage dead\\"><img class=\\"vi--result--cell--avatarImage--image\\" src=\\"https://werewolf.world/image/0.3/character_icons/50x50/a_50x50.png\\"/></div>"`;

exports[`<ResultCellAvatarImage /> deathByFear 1`] = `"<div class=\\"vi--result--cell--avatarImage dead\\"><img class=\\"vi--result--cell--avatarImage--image\\" src=\\"https://werewolf.world/image/0.3/character_icons/50x50/a_50x50.png\\"/></div>"`;

exports[`<ResultCellAvatarImage /> unnaturalDeath 1`] = `"<div class=\\"vi--result--cell--avatarImage dead\\"><img class=\\"vi--result--cell--avatarImage--image\\" src=\\"https://werewolf.world/image/0.3/character_icons/50x50/a_50x50.png\\"/></div>"`;
