// Jest Snapshot v1, https://goo.gl/fbAQLP

exports[`<HistoryContainer /> render 1`] = `"<div class=\\"lo--grid\\"><div class=\\"lo--header\\">History</div><div class=\\"lo--main-content\\"><div class=\\"lo--village\\"></div></div><div class=\\"lo--aside-content \\"><ul class=\\"lo--compact-menu\\"><li class=\\"lo--compact-menu--item\\"><button class=\\"lo--compact-menu--item--button \\" tabindex=\\"-1\\">Return to the main page</button></li></ul></div></div>"`;
