// Jest Snapshot v1, https://goo.gl/fbAQLP

exports[`<IdSearchContainer /> render 1`] = `"<div class=\\"grid\\"><div class=\\"header\\">Human player's ID search</div><div class=\\"avatar\\"><img class=\\"avatar--image\\" src=\\"\\"><span class=\\"avatar--name\\"></span></div><div class=\\"main-content\\"></div><div class=\\"aside-content \\"><div class=\\"id-search\\"><span class=\\"id-search--sharp\\">#</span><input class=\\"id-search--input\\" maxlength=\\"3\\" minlength=\\"1\\" pattern=\\"^\\\\d+$\\" placeholder=\\"1-999\\" required=\\"\\" type=\\"text\\"><span class=\\"id-search--validity\\"></span></div><ul class=\\"compact-menu\\"></ul></div></div>"`;
