// Jest Snapshot v1, https://goo.gl/fbAQLP

exports[`<IdSearchContainer /> render 1`] = `"<div class=\\"lo--grid\\"><div class=\\"lo--header\\">Human player's ID search</div><div class=\\"lo--avatar\\"><img class=\\"lo--avatar--image\\" src=\\"\\"><span class=\\"lo--avatar--name\\"></span></div><div class=\\"lo--main-content\\"></div><div class=\\"lo--aside-content \\"><div class=\\"lo--id-search\\"><span class=\\"lo--id-search--sharp\\">#</span><input class=\\"lo--id-search--input\\" maxlength=\\"3\\" minlength=\\"1\\" pattern=\\"^\\\\d+$\\" placeholder=\\"1-100\\" required=\\"\\" type=\\"text\\"><span class=\\"lo--id-search--validity\\"></span></div><ul class=\\"lo--compact-menu\\"></ul></div></div>"`;
