// Jest Snapshot v1, https://goo.gl/fbAQLP

exports[`<LobbyForHumanPlayerContainer /> render 1`] = `"<div class=\\"lo--grid\\"><div class=\\"lo--header\\">Lobby for human players</div><div class=\\"lo--avatar\\"><img class=\\"lo--avatar--image\\" src=\\"\\"><span class=\\"lo--avatar--name\\"></span></div><div class=\\"lo--main-content\\"><div class=\\"lo--village\\"></div></div><div class=\\"lo--aside-content \\"><ul class=\\"lo--compact-menu\\"><li class=\\"lo--compact-menu--item  \\">Build your village</li><li class=\\"lo--compact-menu--item  \\">ID search</li><li class=\\"lo--compact-menu--item  \\">Advanced search</li><li class=\\"lo--compact-menu--item  \\">Refresh</li><li class=\\"lo--compact-menu--item  \\">Return to the main page</li></ul></div></div>"`;
