// Jest Snapshot v1, https://goo.gl/fbAQLP

exports[`<LobbyForAudienceContainer /> render 1`] = `"<div class=\\"grid\\"><div class=\\"header\\">Lobby for audiences</div><div class=\\"avatar\\"><img class=\\"avatar--image\\" src=\\"\\"><span class=\\"avatar--name\\"></span></div><div class=\\"main-content\\"><div class=\\"village\\"></div></div><div class=\\"aside-content \\"><ul class=\\"compact-menu\\"><li class=\\"compact-menu--item  \\">ID search</li><li class=\\"compact-menu--item  \\">Advanced search</li><li class=\\"compact-menu--item  \\">Refresh</li><li class=\\"compact-menu--item  \\">Return to the main page</li></ul></div></div>"`;
