// Jest Snapshot v1, https://goo.gl/fbAQLP

exports[`<MainContainer /> render 1`] = `"<ul class=\\"lo--menu\\"><li class=\\"lo--menu--item  \\">Lobby for audiences</li><li class=\\"lo--menu--item  \\">Lobby for robot players</li><li class=\\"lo--menu--item  \\">Lobby for human players</li><li class=\\"lo--menu--item  \\">History</li><li class=\\"lo--menu--item  \\">Settings</li><li class=\\"lo--menu--item  \\">How to play</li><li class=\\"lo--menu--item  \\">Credits</li></ul>"`;
