// Jest Snapshot v1, https://goo.gl/fbAQLP

exports[`<MainContainer /> render 1`] = `"<ul class=\\"lo--menu\\"><li class=\\"lo--menu--item\\"><button class=\\"lo--menu--item--button \\" tabindex=\\"-1\\">Lobby for audiences</button></li><li class=\\"lo--menu--item\\"><button class=\\"lo--menu--item--button \\" tabindex=\\"-1\\">Lobby for robot players</button></li><li class=\\"lo--menu--item\\"><button class=\\"lo--menu--item--button \\" tabindex=\\"-1\\">Lobby for human players</button></li><li class=\\"lo--menu--item\\"><button class=\\"lo--menu--item--button \\" tabindex=\\"-1\\">History</button></li><li class=\\"lo--menu--item\\"><button class=\\"lo--menu--item--button \\" tabindex=\\"-1\\">Settings</button></li><li class=\\"lo--menu--item\\"><button class=\\"lo--menu--item--button \\" tabindex=\\"-1\\">How to play</button></li><li class=\\"lo--menu--item\\"><button class=\\"lo--menu--item--button \\" tabindex=\\"-1\\">Credits</button></li></ul>"`;
