// Jest Snapshot v1, https://goo.gl/fbAQLP

exports[`<ModalContainer /> render hidden 1`] = `""`;

exports[`<ModalContainer /> render visible 1`] = `"<div class=\\"lo--confirmation\\"><div class=\\"lo--confirmation--description\\">dummy</div><div class=\\"lo--confirmation--button yes\\">Yes</div><div class=\\"lo--confirmation--button no\\">No</div></div>"`;
