// Jest Snapshot v1, https://goo.gl/fbAQLP

exports[`<ModalContainer /> render hidden 1`] = `null`;

exports[`<ModalContainer /> render visible 1`] = `"<div class=\\"modal\\"><div class=\\"modal--description\\">dummy</div><button class=\\"modal--button yes\\">Yes</button><button class=\\"modal--button no\\">No</button></div>"`;
