// Jest Snapshot v1, https://goo.gl/fbAQLP

exports[`render 1`] = `"<label class=\\"lo--create-new-avatar--label\\" for=\\"newAvatarName\\">Avatar name</label><input class=\\"lo--create-new-avatar--input\\" id=\\"newAvatarName\\" maxlength=\\"15\\" minlength=\\"5\\" placeholder=\\"\\" required=\\"\\" tabindex=\\"0\\" type=\\"text\\" value=\\"\\">"`;
