// Jest Snapshot v1, https://goo.gl/fbAQLP

exports[`render authorized === lobby.Authorized.no 1`] = `"<div class=\\"lo--select-avatar--table--body--item authorized \\">No</div>"`;

exports[`render authorized === lobby.Authorized.waitForAcceptance 1`] = `"<div class=\\"lo--select-avatar--table--body--item authorized \\"><div class=\\"accept\\">Accept</div></div>"`;

exports[`render authorized === lobby.Authorized.yes 1`] = `"<div class=\\"lo--select-avatar--table--body--item authorized \\">Yes</div>"`;
