// Jest Snapshot v1, https://goo.gl/fbAQLP

exports[`render 1`] = `"<div class=\\"lo--select-avatar--table--header--item check-box\\"></div><div class=\\"lo--select-avatar--table--header--item avatar-name\\">Avatar name</div><div class=\\"lo--select-avatar--table--header--item language\\">Language</div><div class=\\"lo--select-avatar--table--header--item spacer\\"></div><div class=\\"lo--select-avatar--table--header--item spacer\\"></div><div class=\\"lo--select-avatar--table--header--item spacer\\"></div><div class=\\"lo--select-avatar--table--header--item spacer\\"></div><div class=\\"lo--select-avatar--table--header--item spacer\\"></div>"`;
