// Jest Snapshot v1, https://goo.gl/fbAQLP

exports[`render 1`] = `"<div class=\\"lo--select-avatar--table--header--item check-box\\"></div><div class=\\"lo--select-avatar--table--header--item avatar-item\\">Avatar name</div><div class=\\"lo--select-avatar--table--header--item status\\">Status</div><div class=\\"lo--select-avatar--table--header--item authorized\\">Authorized</div><div class=\\"lo--select-avatar--table--header--item test\\">Test</div><div class=\\"lo--select-avatar--table--header--item automation\\">Automation</div><div class=\\"lo--select-avatar--table--header--item access-token\\">Access Token</div>"`;
